type octile
height 190
width 190
map
..............................................................................................................................................................................................
......TTTTTTTTTT.TTTTTTTTTT.TTTTTTTTTT.TTTTTTTTTT.TTTTTTTTTT.TTTTTTTTTT.TTTTTTTTTT.TTTTTTTTTT.TTTTTTTTTT.TTTTTTTTTT.TTTTTTTTTT.TTTTTTTTTT.TTTTTTTTTT.TTTTTTTTTT.TTTTTTTTTT.TTTTTTTTTT.TTT.....
......TTTTTTTTTT.TTTTTTTTTT.TTTTTTTTTT.TTTTTTTTTT.TTTTTTTTTT.TTTTTTTTTT.TTTTTTTTTT.TTTTTTTTTT.TTTTTTTTTT.TTTTTTTTTT.TTTTTTTTTT.TTTTTTTTTT.TTTTTTTTTT.TTTTTTTTTT.TTTTTTTTTT.TTTTTTTTTT.TTT.....
..............................................................................................................................................................................................
......TTTTTTTTTT.TTTTTTTTTT.TTTTTTTTTT.TTTTTTTTTT.TTTTTTTTTT.TTTTTTTTTT.TTTTTTTTTT.TTTTTTTTTT.TTTTTTTTTT.TTTTTTTTTT.TTTTTTTTTT.TTTTTTTTTT.TTTTTTTTTT.TTTTTTTTTT.TTTTTTTTTT.TTTTTTTTTT.TTT.....
......TTTTTTTTTT.TTTTTTTTTT.TTTTTTTTTT.TTTTTTTTTT.TTTTTTTTTT.TTTTTTTTTT.TTTTTTTTTT.TTTTTTTTTT.TTTTTTTTTT.TTTTTTTTTT.TTTTTTTTTT.TTTTTTTTTT.TTTTTTTTTT.TTTTTTTTTT.TTTTTTTTTT.TTTTTTTTTT.TTT.....
..............................................................................................................................................................................................
......TTTTTTTTTT.TTTTTTTTTT.TTTTTTTTTT.TTTTTTTTTT.TTTTTTTTTT.TTTTTTTTTT.TTTTTTTTTT.TTTTTTTTTT.TTTTTTTTTT.TTTTTTTTTT.TTTTTTTTTT.TTTTTTTTTT.TTTTTTTTTT.TTTTTTTTTT.TTTTTTTTTT.TTTTTTTTTT.TTT.....
......TTTTTTTTTT.TTTTTTTTTT.TTTTTTTTTT.TTTTTTTTTT.TTTTTTTTTT.TTTTTTTTTT.TTTTTTTTTT.TTTTTTTTTT.TTTTTTTTTT.TTTTTTTTTT.TTTTTTTTTT.TTTTTTTTTT.TTTTTTTTTT.TTTTTTTTTT.TTTTTTTTTT.TTTTTTTTTT.TTT.....
..............................................................................................................................................................................................
......TTTTTTTTTT.TTTTTTTTTT.TTTTTTTTTT.TTTTTTTTTT.TTTTTTTTTT.TTTTTTTTTT.TTTTTTTTTT.TTTTTTTTTT.TTTTTTTTTT.TTTTTTTTTT.TTTTTTTTTT.TTTTTTTTTT.TTTTTTTTTT.TTTTTTTTTT.TTTTTTTTTT.TTTTTTTTTT.TTT.....
......TTTTTTTTTT.TTTTTTTTTT.TTTTTTTTTT.TTTTTTTTTT.TTTTTTTTTT.TTTTTTTTTT.TTTTTTTTTT.TTTTTTTTTT.TTTTTTTTTT.TTTTTTTTTT.TTTTTTTTTT.TTTTTTTTTT.TTTTTTTTTT.TTTTTTTTTT.TTTTTTTTTT.TTTTTTTTTT.TTT.....
..............................................................................................................................................................................................
......TTTTTTTTTT.TTTTTTTTTT.TTTTTTTTTT.TTTTTTTTTT.TTTTTTTTTT.TTTTTTTTTT.TTTTTTTTTT.TTTTTTTTTT.TTTTTTTTTT.TTTTTTTTTT.TTTTTTTTTT.TTTTTTTTTT.TTTTTTTTTT.TTTTTTTTTT.TTTTTTTTTT.TTTTTTTTTT.TTT.....
......TTTTTTTTTT.TTTTTTTTTT.TTTTTTTTTT.TTTTTTTTTT.TTTTTTTTTT.TTTTTTTTTT.TTTTTTTTTT.TTTTTTTTTT.TTTTTTTTTT.TTTTTTTTTT.TTTTTTTTTT.TTTTTTTTTT.TTTTTTTTTT.TTTTTTTTTT.TTTTTTTTTT.TTTTTTTTTT.TTT.....
..............................................................................................................................................................................................
......TTTTTTTTTT.TTTTTTTTTT.TTTTTTTTTT.TTTTTTTTTT.TTTTTTTTTT.TTTTTTTTTT.TTTTTTTTTT.TTTTTTTTTT.TTTTTTTTTT.TTTTTTTTTT.TTTTTTTTTT.TTTTTTTTTT.TTTTTTTTTT.TTTTTTTTTT.TTTTTTTTTT.TTTTTTTTTT.TTT.....
......TTTTTTTTTT.TTTTTTTTTT.TTTTTTTTTT.TTTTTTTTTT.TTTTTTTTTT.TTTTTTTTTT.TTTTTTTTTT.TTTTTTTTTT.TTTTTTTTTT.TTTTTTTTTT.TTTTTTTTTT.TTTTTTTTTT.TTTTTTTTTT.TTTTTTTTTT.TTTTTTTTTT.TTTTTTTTTT.TTT.....
..............................................................................................................................................................................................
......TTTTTTTTTT.TTTTTTTTTT.TTTTTTTTTT.TTTTTTTTTT.TTTTTTTTTT.TTTTTTTTTT.TTTTTTTTTT.TTTTTTTTTT.TTTTTTTTTT.TTTTTTTTTT.TTTTTTTTTT.TTTTTTTTTT.TTTTTTTTTT.TTTTTTTTTT.TTTTTTTTTT.TTTTTTTTTT.TTT.....
......TTTTTTTTTT.TTTTTTTTTT.TTTTTTTTTT.TTTTTTTTTT.TTTTTTTTTT.TTTTTTTTTT.TTTTTTTTTT.TTTTTTTTTT.TTTTTTTTTT.TTTTTTTTTT.TTTTTTTTTT.TTTTTTTTTT.TTTTTTTTTT.TTTTTTTTTT.TTTTTTTTTT.TTTTTTTTTT.TTT.....
..............................................................................................................................................................................................
......TTTTTTTTTT.TTTTTTTTTT.TTTTTTTTTT.TTTTTTTTTT.TTTTTTTTTT.TTTTTTTTTT.TTTTTTTTTT.TTTTTTTTTT.TTTTTTTTTT.TTTTTTTTTT.TTTTTTTTTT.TTTTTTTTTT.TTTTTTTTTT.TTTTTTTTTT.TTTTTTTTTT.TTTTTTTTTT.TTT.....
......TTTTTTTTTT.TTTTTTTTTT.TTTTTTTTTT.TTTTTTTTTT.TTTTTTTTTT.TTTTTTTTTT.TTTTTTTTTT.TTTTTTTTTT.TTTTTTTTTT.TTTTTTTTTT.TTTTTTTTTT.TTTTTTTTTT.TTTTTTTTTT.TTTTTTTTTT.TTTTTTTTTT.TTTTTTTTTT.TTT.....
..............................................................................................................................................................................................
......TTTTTTTTTT.TTTTTTTTTT.TTTTTTTTTT.TTTTTTTTTT.TTTTTTTTTT.TTTTTTTTTT.TTTTTTTTTT.TTTTTTTTTT.TTTTTTTTTT.TTTTTTTTTT.TTTTTTTTTT.TTTTTTTTTT.TTTTTTTTTT.TTTTTTTTTT.TTTTTTTTTT.TTTTTTTTTT.TTT.....
......TTTTTTTTTT.TTTTTTTTTT.TTTTTTTTTT.TTTTTTTTTT.TTTTTTTTTT.TTTTTTTTTT.TTTTTTTTTT.TTTTTTTTTT.TTTTTTTTTT.TTTTTTTTTT.TTTTTTTTTT.TTTTTTTTTT.TTTTTTTTTT.TTTTTTTTTT.TTTTTTTTTT.TTTTTTTTTT.TTT.....
..............................................................................................................................................................................................
......TTTTTTTTTT.TTTTTTTTTT.TTTTTTTTTT.TTTTTTTTTT.TTTTTTTTTT.TTTTTTTTTT.TTTTTTTTTT.TTTTTTTTTT.TTTTTTTTTT.TTTTTTTTTT.TTTTTTTTTT.TTTTTTTTTT.TTTTTTTTTT.TTTTTTTTTT.TTTTTTTTTT.TTTTTTTTTT.TTT.....
......TTTTTTTTTT.TTTTTTTTTT.TTTTTTTTTT.TTTTTTTTTT.TTTTTTTTTT.TTTTTTTTTT.TTTTTTTTTT.TTTTTTTTTT.TTTTTTTTTT.TTTTTTTTTT.TTTTTTTTTT.TTTTTTTTTT.TTTTTTTTTT.TTTTTTTTTT.TTTTTTTTTT.TTTTTTTTTT.TTT.....
..............................................................................................................................................................................................
......TTTTTTTTTT.TTTTTTTTTT.TTTTTTTTTT.TTTTTTTTTT.TTTTTTTTTT.TTTTTTTTTT.TTTTTTTTTT.TTTTTTTTTT.TTTTTTTTTT.TTTTTTTTTT.TTTTTTTTTT.TTTTTTTTTT.TTTTTTTTTT.TTTTTTTTTT.TTTTTTTTTT.TTTTTTTTTT.TTT.....
......TTTTTTTTTT.TTTTTTTTTT.TTTTTTTTTT.TTTTTTTTTT.TTTTTTTTTT.TTTTTTTTTT.TTTTTTTTTT.TTTTTTTTTT.TTTTTTTTTT.TTTTTTTTTT.TTTTTTTTTT.TTTTTTTTTT.TTTTTTTTTT.TTTTTTTTTT.TTTTTTTTTT.TTTTTTTTTT.TTT.....
..............................................................................................................................................................................................
......TTTTTTTTTT.TTTTTTTTTT.TTTTTTTTTT.TTTTTTTTTT.TTTTTTTTTT.TTTTTTTTTT.TTTTTTTTTT.TTTTTTTTTT.TTTTTTTTTT.TTTTTTTTTT.TTTTTTTTTT.TTTTTTTTTT.TTTTTTTTTT.TTTTTTTTTT.TTTTTTTTTT.TTTTTTTTTT.TTT.....
......TTTTTTTTTT.TTTTTTTTTT.TTTTTTTTTT.TTTTTTTTTT.TTTTTTTTTT.TTTTTTTTTT.TTTTTTTTTT.TTTTTTTTTT.TTTTTTTTTT.TTTTTTTTTT.TTTTTTTTTT.TTTTTTTTTT.TTTTTTTTTT.TTTTTTTTTT.TTTTTTTTTT.TTTTTTTTTT.TTT.....
..............................................................................................................................................................................................
......TTTTTTTTTT.TTTTTTTTTT.TTTTTTTTTT.TTTTTTTTTT.TTTTTTTTTT.TTTTTTTTTT.TTTTTTTTTT.TTTTTTTTTT.TTTTTTTTTT.TTTTTTTTTT.TTTTTTTTTT.TTTTTTTTTT.TTTTTTTTTT.TTTTTTTTTT.TTTTTTTTTT.TTTTTTTTTT.TTT.....
......TTTTTTTTTT.TTTTTTTTTT.TTTTTTTTTT.TTTTTTTTTT.TTTTTTTTTT.TTTTTTTTTT.TTTTTTTTTT.TTTTTTTTTT.TTTTTTTTTT.TTTTTTTTTT.TTTTTTTTTT.TTTTTTTTTT.TTTTTTTTTT.TTTTTTTTTT.TTTTTTTTTT.TTTTTTTTTT.TTT.....
..............................................................................................................................................................................................
......TTTTTTTTTT.TTTTTTTTTT.TTTTTTTTTT.TTTTTTTTTT.TTTTTTTTTT.TTTTTTTTTT.TTTTTTTTTT.TTTTTTTTTT.TTTTTTTTTT.TTTTTTTTTT.TTTTTTTTTT.TTTTTTTTTT.TTTTTTTTTT.TTTTTTTTTT.TTTTTTTTTT.TTTTTTTTTT.TTT.....
......TTTTTTTTTT.TTTTTTTTTT.TTTTTTTTTT.TTTTTTTTTT.TTTTTTTTTT.TTTTTTTTTT.TTTTTTTTTT.TTTTTTTTTT.TTTTTTTTTT.TTTTTTTTTT.TTTTTTTTTT.TTTTTTTTTT.TTTTTTTTTT.TTTTTTTTTT.TTTTTTTTTT.TTTTTTTTTT.TTT.....
..............................................................................................................................................................................................
......TTTTTTTTTT.TTTTTTTTTT.TTTTTTTTTT.TTTTTTTTTT.TTTTTTTTTT.TTTTTTTTTT.TTTTTTTTTT.TTTTTTTTTT.TTTTTTTTTT.TTTTTTTTTT.TTTTTTTTTT.TTTTTTTTTT.TTTTTTTTTT.TTTTTTTTTT.TTTTTTTTTT.TTTTTTTTTT.TTT.....
......TTTTTTTTTT.TTTTTTTTTT.TTTTTTTTTT.TTTTTTTTTT.TTTTTTTTTT.TTTTTTTTTT.TTTTTTTTTT.TTTTTTTTTT.TTTTTTTTTT.TTTTTTTTTT.TTTTTTTTTT.TTTTTTTTTT.TTTTTTTTTT.TTTTTTTTTT.TTTTTTTTTT.TTTTTTTTTT.TTT.....
..............................................................................................................................................................................................
......TTTTTTTTTT.TTTTTTTTTT.TTTTTTTTTT.TTTTTTTTTT.TTTTTTTTTT.TTTTTTTTTT.TTTTTTTTTT.TTTTTTTTTT.TTTTTTTTTT.TTTTTTTTTT.TTTTTTTTTT.TTTTTTTTTT.TTTTTTTTTT.TTTTTTTTTT.TTTTTTTTTT.TTTTTTTTTT.TTT.....
......TTTTTTTTTT.TTTTTTTTTT.TTTTTTTTTT.TTTTTTTTTT.TTTTTTTTTT.TTTTTTTTTT.TTTTTTTTTT.TTTTTTTTTT.TTTTTTTTTT.TTTTTTTTTT.TTTTTTTTTT.TTTTTTTTTT.TTTTTTTTTT.TTTTTTTTTT.TTTTTTTTTT.TTTTTTTTTT.TTT.....
..............................................................................................................................................................................................
......TTTTTTTTTT.TTTTTTTTTT.TTTTTTTTTT.TTTTTTTTTT.TTTTTTTTTT.TTTTTTTTTT.TTTTTTTTTT.TTTTTTTTTT.TTTTTTTTTT.TTTTTTTTTT.TTTTTTTTTT.TTTTTTTTTT.TTTTTTTTTT.TTTTTTTTTT.TTTTTTTTTT.TTTTTTTTTT.TTT.....
......TTTTTTTTTT.TTTTTTTTTT.TTTTTTTTTT.TTTTTTTTTT.TTTTTTTTTT.TTTTTTTTTT.TTTTTTTTTT.TTTTTTTTTT.TTTTTTTTTT.TTTTTTTTTT.TTTTTTTTTT.TTTTTTTTTT.TTTTTTTTTT.TTTTTTTTTT.TTTTTTTTTT.TTTTTTTTTT.TTT.....
..............................................................................................................................................................................................
......TTTTTTTTTT.TTTTTTTTTT.TTTTTTTTTT.TTTTTTTTTT.TTTTTTTTTT.TTTTTTTTTT.TTTTTTTTTT.TTTTTTTTTT.TTTTTTTTTT.TTTTTTTTTT.TTTTTTTTTT.TTTTTTTTTT.TTTTTTTTTT.TTTTTTTTTT.TTTTTTTTTT.TTTTTTTTTT.TTT.....
......TTTTTTTTTT.TTTTTTTTTT.TTTTTTTTTT.TTTTTTTTTT.TTTTTTTTTT.TTTTTTTTTT.TTTTTTTTTT.TTTTTTTTTT.TTTTTTTTTT.TTTTTTTTTT.TTTTTTTTTT.TTTTTTTTTT.TTTTTTTTTT.TTTTTTTTTT.TTTTTTTTTT.TTTTTTTTTT.TTT.....
..............................................................................................................................................................................................
......TTTTTTTTTT.TTTTTTTTTT.TTTTTTTTTT.TTTTTTTTTT.TTTTTTTTTT.TTTTTTTTTT.TTTTTTTTTT.TTTTTTTTTT.TTTTTTTTTT.TTTTTTTTTT.TTTTTTTTTT.TTTTTTTTTT.TTTTTTTTTT.TTTTTTTTTT.TTTTTTTTTT.TTTTTTTTTT.TTT.....
......TTTTTTTTTT.TTTTTTTTTT.TTTTTTTTTT.TTTTTTTTTT.TTTTTTTTTT.TTTTTTTTTT.TTTTTTTTTT.TTTTTTTTTT.TTTTTTTTTT.TTTTTTTTTT.TTTTTTTTTT.TTTTTTTTTT.TTTTTTTTTT.TTTTTTTTTT.TTTTTTTTTT.TTTTTTTTTT.TTT.....
..............................................................................................................................................................................................
......TTTTTTTTTT.TTTTTTTTTT.TTTTTTTTTT.TTTTTTTTTT.TTTTTTTTTT.TTTTTTTTTT.TTTTTTTTTT.TTTTTTTTTT.TTTTTTTTTT.TTTTTTTTTT.TTTTTTTTTT.TTTTTTTTTT.TTTTTTTTTT.TTTTTTTTTT.TTTTTTTTTT.TTTTTTTTTT.TTT.....
......TTTTTTTTTT.TTTTTTTTTT.TTTTTTTTTT.TTTTTTTTTT.TTTTTTTTTT.TTTTTTTTTT.TTTTTTTTTT.TTTTTTTTTT.TTTTTTTTTT.TTTTTTTTTT.TTTTTTTTTT.TTTTTTTTTT.TTTTTTTTTT.TTTTTTTTTT.TTTTTTTTTT.TTTTTTTTTT.TTT.....
..............................................................................................................................................................................................
......TTTTTTTTTT.TTTTTTTTTT.TTTTTTTTTT.TTTTTTTTTT.TTTTTTTTTT.TTTTTTTTTT.TTTTTTTTTT.TTTTTTTTTT.TTTTTTTTTT.TTTTTTTTTT.TTTTTTTTTT.TTTTTTTTTT.TTTTTTTTTT.TTTTTTTTTT.TTTTTTTTTT.TTTTTTTTTT.TTT.....
......TTTTTTTTTT.TTTTTTTTTT.TTTTTTTTTT.TTTTTTTTTT.TTTTTTTTTT.TTTTTTTTTT.TTTTTTTTTT.TTTTTTTTTT.TTTTTTTTTT.TTTTTTTTTT.TTTTTTTTTT.TTTTTTTTTT.TTTTTTTTTT.TTTTTTTTTT.TTTTTTTTTT.TTTTTTTTTT.TTT.....
..............................................................................................................................................................................................
......TTTTTTTTTT.TTTTTTTTTT.TTTTTTTTTT.TTTTTTTTTT.TTTTTTTTTT.TTTTTTTTTT.TTTTTTTTTT.TTTTTTTTTT.TTTTTTTTTT.TTTTTTTTTT.TTTTTTTTTT.TTTTTTTTTT.TTTTTTTTTT.TTTTTTTTTT.TTTTTTTTTT.TTTTTTTTTT.TTT.....
......TTTTTTTTTT.TTTTTTTTTT.TTTTTTTTTT.TTTTTTTTTT.TTTTTTTTTT.TTTTTTTTTT.TTTTTTTTTT.TTTTTTTTTT.TTTTTTTTTT.TTTTTTTTTT.TTTTTTTTTT.TTTTTTTTTT.TTTTTTTTTT.TTTTTTTTTT.TTTTTTTTTT.TTTTTTTTTT.TTT.....
..............................................................................................................................................................................................
......TTTTTTTTTT.TTTTTTTTTT.TTTTTTTTTT.TTTTTTTTTT.TTTTTTTTTT.TTTTTTTTTT.TTTTTTTTTT.TTTTTTTTTT.TTTTTTTTTT.TTTTTTTTTT.TTTTTTTTTT.TTTTTTTTTT.TTTTTTTTTT.TTTTTTTTTT.TTTTTTTTTT.TTTTTTTTTT.TTT.....
......TTTTTTTTTT.TTTTTTTTTT.TTTTTTTTTT.TTTTTTTTTT.TTTTTTTTTT.TTTTTTTTTT.TTTTTTTTTT.TTTTTTTTTT.TTTTTTTTTT.TTTTTTTTTT.TTTTTTTTTT.TTTTTTTTTT.TTTTTTTTTT.TTTTTTTTTT.TTTTTTTTTT.TTTTTTTTTT.TTT.....
..............................................................................................................................................................................................
......TTTTTTTTTT.TTTTTTTTTT.TTTTTTTTTT.TTTTTTTTTT.TTTTTTTTTT.TTTTTTTTTT.TTTTTTTTTT.TTTTTTTTTT.TTTTTTTTTT.TTTTTTTTTT.TTTTTTTTTT.TTTTTTTTTT.TTTTTTTTTT.TTTTTTTTTT.TTTTTTTTTT.TTTTTTTTTT.TTT.....
......TTTTTTTTTT.TTTTTTTTTT.TTTTTTTTTT.TTTTTTTTTT.TTTTTTTTTT.TTTTTTTTTT.TTTTTTTTTT.TTTTTTTTTT.TTTTTTTTTT.TTTTTTTTTT.TTTTTTTTTT.TTTTTTTTTT.TTTTTTTTTT.TTTTTTTTTT.TTTTTTTTTT.TTTTTTTTTT.TTT.....
..............................................................................................................................................................................................
......TTTTTTTTTT.TTTTTTTTTT.TTTTTTTTTT.TTTTTTTTTT.TTTTTTTTTT.TTTTTTTTTT.TTTTTTTTTT.TTTTTTTTTT.TTTTTTTTTT.TTTTTTTTTT.TTTTTTTTTT.TTTTTTTTTT.TTTTTTTTTT.TTTTTTTTTT.TTTTTTTTTT.TTTTTTTTTT.TTT.....
......TTTTTTTTTT.TTTTTTTTTT.TTTTTTTTTT.TTTTTTTTTT.TTTTTTTTTT.TTTTTTTTTT.TTTTTTTTTT.TTTTTTTTTT.TTTTTTTTTT.TTTTTTTTTT.TTTTTTTTTT.TTTTTTTTTT.TTTTTTTTTT.TTTTTTTTTT.TTTTTTTTTT.TTTTTTTTTT.TTT.....
..............................................................................................................................................................................................
......TTTTTTTTTT.TTTTTTTTTT.TTTTTTTTTT.TTTTTTTTTT.TTTTTTTTTT.TTTTTTTTTT.TTTTTTTTTT.TTTTTTTTTT.TTTTTTTTTT.TTTTTTTTTT.TTTTTTTTTT.TTTTTTTTTT.TTTTTTTTTT.TTTTTTTTTT.TTTTTTTTTT.TTTTTTTTTT.TTT.....
......TTTTTTTTTT.TTTTTTTTTT.TTTTTTTTTT.TTTTTTTTTT.TTTTTTTTTT.TTTTTTTTTT.TTTTTTTTTT.TTTTTTTTTT.TTTTTTTTTT.TTTTTTTTTT.TTTTTTTTTT.TTTTTTTTTT.TTTTTTTTTT.TTTTTTTTTT.TTTTTTTTTT.TTTTTTTTTT.TTT.....
..............................................................................................................................................................................................
......TTTTTTTTTT.TTTTTTTTTT.TTTTTTTTTT.TTTTTTTTTT.TTTTTTTTTT.TTTTTTTTTT.TTTTTTTTTT.TTTTTTTTTT.TTTTTTTTTT.TTTTTTTTTT.TTTTTTTTTT.TTTTTTTTTT.TTTTTTTTTT.TTTTTTTTTT.TTTTTTTTTT.TTTTTTTTTT.TTT.....
......TTTTTTTTTT.TTTTTTTTTT.TTTTTTTTTT.TTTTTTTTTT.TTTTTTTTTT.TTTTTTTTTT.TTTTTTTTTT.TTTTTTTTTT.TTTTTTTTTT.TTTTTTTTTT.TTTTTTTTTT.TTTTTTTTTT.TTTTTTTTTT.TTTTTTTTTT.TTTTTTTTTT.TTTTTTTTTT.TTT.....
..............................................................................................................................................................................................
......TTTTTTTTTT.TTTTTTTTTT.TTTTTTTTTT.TTTTTTTTTT.TTTTTTTTTT.TTTTTTTTTT.TTTTTTTTTT.TTTTTTTTTT.TTTTTTTTTT.TTTTTTTTTT.TTTTTTTTTT.TTTTTTTTTT.TTTTTTTTTT.TTTTTTTTTT.TTTTTTTTTT.TTTTTTTTTT.TTT.....
......TTTTTTTTTT.TTTTTTTTTT.TTTTTTTTTT.TTTTTTTTTT.TTTTTTTTTT.TTTTTTTTTT.TTTTTTTTTT.TTTTTTTTTT.TTTTTTTTTT.TTTTTTTTTT.TTTTTTTTTT.TTTTTTTTTT.TTTTTTTTTT.TTTTTTTTTT.TTTTTTTTTT.TTTTTTTTTT.TTT.....
..............................................................................................................................................................................................
......TTTTTTTTTT.TTTTTTTTTT.TTTTTTTTTT.TTTTTTTTTT.TTTTTTTTTT.TTTTTTTTTT.TTTTTTTTTT.TTTTTTTTTT.TTTTTTTTTT.TTTTTTTTTT.TTTTTTTTTT.TTTTTTTTTT.TTTTTTTTTT.TTTTTTTTTT.TTTTTTTTTT.TTTTTTTTTT.TTT.....
......TTTTTTTTTT.TTTTTTTTTT.TTTTTTTTTT.TTTTTTTTTT.TTTTTTTTTT.TTTTTTTTTT.TTTTTTTTTT.TTTTTTTTTT.TTTTTTTTTT.TTTTTTTTTT.TTTTTTTTTT.TTTTTTTTTT.TTTTTTTTTT.TTTTTTTTTT.TTTTTTTTTT.TTTTTTTTTT.TTT.....
..............................................................................................................................................................................................
......TTTTTTTTTT.TTTTTTTTTT.TTTTTTTTTT.TTTTTTTTTT.TTTTTTTTTT.TTTTTTTTTT.TTTTTTTTTT.TTTTTTTTTT.TTTTTTTTTT.TTTTTTTTTT.TTTTTTTTTT.TTTTTTTTTT.TTTTTTTTTT.TTTTTTTTTT.TTTTTTTTTT.TTTTTTTTTT.TTT.....
......TTTTTTTTTT.TTTTTTTTTT.TTTTTTTTTT.TTTTTTTTTT.TTTTTTTTTT.TTTTTTTTTT.TTTTTTTTTT.TTTTTTTTTT.TTTTTTTTTT.TTTTTTTTTT.TTTTTTTTTT.TTTTTTTTTT.TTTTTTTTTT.TTTTTTTTTT.TTTTTTTTTT.TTTTTTTTTT.TTT.....
..............................................................................................................................................................................................
......TTTTTTTTTT.TTTTTTTTTT.TTTTTTTTTT.TTTTTTTTTT.TTTTTTTTTT.TTTTTTTTTT.TTTTTTTTTT.TTTTTTTTTT.TTTTTTTTTT.TTTTTTTTTT.TTTTTTTTTT.TTTTTTTTTT.TTTTTTTTTT.TTTTTTTTTT.TTTTTTTTTT.TTTTTTTTTT.TTT.....
......TTTTTTTTTT.TTTTTTTTTT.TTTTTTTTTT.TTTTTTTTTT.TTTTTTTTTT.TTTTTTTTTT.TTTTTTTTTT.TTTTTTTTTT.TTTTTTTTTT.TTTTTTTTTT.TTTTTTTTTT.TTTTTTTTTT.TTTTTTTTTT.TTTTTTTTTT.TTTTTTTTTT.TTTTTTTTTT.TTT.....
..............................................................................................................................................................................................
......TTTTTTTTTT.TTTTTTTTTT.TTTTTTTTTT.TTTTTTTTTT.TTTTTTTTTT.TTTTTTTTTT.TTTTTTTTTT.TTTTTTTTTT.TTTTTTTTTT.TTTTTTTTTT.TTTTTTTTTT.TTTTTTTTTT.TTTTTTTTTT.TTTTTTTTTT.TTTTTTTTTT.TTTTTTTTTT.TTT.....
......TTTTTTTTTT.TTTTTTTTTT.TTTTTTTTTT.TTTTTTTTTT.TTTTTTTTTT.TTTTTTTTTT.TTTTTTTTTT.TTTTTTTTTT.TTTTTTTTTT.TTTTTTTTTT.TTTTTTTTTT.TTTTTTTTTT.TTTTTTTTTT.TTTTTTTTTT.TTTTTTTTTT.TTTTTTTTTT.TTT.....
..............................................................................................................................................................................................
......TTTTTTTTTT.TTTTTTTTTT.TTTTTTTTTT.TTTTTTTTTT.TTTTTTTTTT.TTTTTTTTTT.TTTTTTTTTT.TTTTTTTTTT.TTTTTTTTTT.TTTTTTTTTT.TTTTTTTTTT.TTTTTTTTTT.TTTTTTTTTT.TTTTTTTTTT.TTTTTTTTTT.TTTTTTTTTT.TTT.....
......TTTTTTTTTT.TTTTTTTTTT.TTTTTTTTTT.TTTTTTTTTT.TTTTTTTTTT.TTTTTTTTTT.TTTTTTTTTT.TTTTTTTTTT.TTTTTTTTTT.TTTTTTTTTT.TTTTTTTTTT.TTTTTTTTTT.TTTTTTTTTT.TTTTTTTTTT.TTTTTTTTTT.TTTTTTTTTT.TTT.....
..............................................................................................................................................................................................
......TTTTTTTTTT.TTTTTTTTTT.TTTTTTTTTT.TTTTTTTTTT.TTTTTTTTTT.TTTTTTTTTT.TTTTTTTTTT.TTTTTTTTTT.TTTTTTTTTT.TTTTTTTTTT.TTTTTTTTTT.TTTTTTTTTT.TTTTTTTTTT.TTTTTTTTTT.TTTTTTTTTT.TTTTTTTTTT.TTT.....
......TTTTTTTTTT.TTTTTTTTTT.TTTTTTTTTT.TTTTTTTTTT.TTTTTTTTTT.TTTTTTTTTT.TTTTTTTTTT.TTTTTTTTTT.TTTTTTTTTT.TTTTTTTTTT.TTTTTTTTTT.TTTTTTTTTT.TTTTTTTTTT.TTTTTTTTTT.TTTTTTTTTT.TTTTTTTTTT.TTT.....
..............................................................................................................................................................................................
......TTTTTTTTTT.TTTTTTTTTT.TTTTTTTTTT.TTTTTTTTTT.TTTTTTTTTT.TTTTTTTTTT.TTTTTTTTTT.TTTTTTTTTT.TTTTTTTTTT.TTTTTTTTTT.TTTTTTTTTT.TTTTTTTTTT.TTTTTTTTTT.TTTTTTTTTT.TTTTTTTTTT.TTTTTTTTTT.TTT.....
......TTTTTTTTTT.TTTTTTTTTT.TTTTTTTTTT.TTTTTTTTTT.TTTTTTTTTT.TTTTTTTTTT.TTTTTTTTTT.TTTTTTTTTT.TTTTTTTTTT.TTTTTTTTTT.TTTTTTTTTT.TTTTTTTTTT.TTTTTTTTTT.TTTTTTTTTT.TTTTTTTTTT.TTTTTTTTTT.TTT.....
..............................................................................................................................................................................................
......TTTTTTTTTT.TTTTTTTTTT.TTTTTTTTTT.TTTTTTTTTT.TTTTTTTTTT.TTTTTTTTTT.TTTTTTTTTT.TTTTTTTTTT.TTTTTTTTTT.TTTTTTTTTT.TTTTTTTTTT.TTTTTTTTTT.TTTTTTTTTT.TTTTTTTTTT.TTTTTTTTTT.TTTTTTTTTT.TTT.....
......TTTTTTTTTT.TTTTTTTTTT.TTTTTTTTTT.TTTTTTTTTT.TTTTTTTTTT.TTTTTTTTTT.TTTTTTTTTT.TTTTTTTTTT.TTTTTTTTTT.TTTTTTTTTT.TTTTTTTTTT.TTTTTTTTTT.TTTTTTTTTT.TTTTTTTTTT.TTTTTTTTTT.TTTTTTTTTT.TTT.....
..............................................................................................................................................................................................
......TTTTTTTTTT.TTTTTTTTTT.TTTTTTTTTT.TTTTTTTTTT.TTTTTTTTTT.TTTTTTTTTT.TTTTTTTTTT.TTTTTTTTTT.TTTTTTTTTT.TTTTTTTTTT.TTTTTTTTTT.TTTTTTTTTT.TTTTTTTTTT.TTTTTTTTTT.TTTTTTTTTT.TTTTTTTTTT.TTT.....
......TTTTTTTTTT.TTTTTTTTTT.TTTTTTTTTT.TTTTTTTTTT.TTTTTTTTTT.TTTTTTTTTT.TTTTTTTTTT.TTTTTTTTTT.TTTTTTTTTT.TTTTTTTTTT.TTTTTTTTTT.TTTTTTTTTT.TTTTTTTTTT.TTTTTTTTTT.TTTTTTTTTT.TTTTTTTTTT.TTT.....
..............................................................................................................................................................................................
......TTTTTTTTTT.TTTTTTTTTT.TTTTTTTTTT.TTTTTTTTTT.TTTTTTTTTT.TTTTTTTTTT.TTTTTTTTTT.TTTTTTTTTT.TTTTTTTTTT.TTTTTTTTTT.TTTTTTTTTT.TTTTTTTTTT.TTTTTTTTTT.TTTTTTTTTT.TTTTTTTTTT.TTTTTTTTTT.TTT.....
......TTTTTTTTTT.TTTTTTTTTT.TTTTTTTTTT.TTTTTTTTTT.TTTTTTTTTT.TTTTTTTTTT.TTTTTTTTTT.TTTTTTTTTT.TTTTTTTTTT.TTTTTTTTTT.TTTTTTTTTT.TTTTTTTTTT.TTTTTTTTTT.TTTTTTTTTT.TTTTTTTTTT.TTTTTTTTTT.TTT.....
..............................................................................................................................................................................................
......TTTTTTTTTT.TTTTTTTTTT.TTTTTTTTTT.TTTTTTTTTT.TTTTTTTTTT.TTTTTTTTTT.TTTTTTTTTT.TTTTTTTTTT.TTTTTTTTTT.TTTTTTTTTT.TTTTTTTTTT.TTTTTTTTTT.TTTTTTTTTT.TTTTTTTTTT.TTTTTTTTTT.TTTTTTTTTT.TTT.....
......TTTTTTTTTT.TTTTTTTTTT.TTTTTTTTTT.TTTTTTTTTT.TTTTTTTTTT.TTTTTTTTTT.TTTTTTTTTT.TTTTTTTTTT.TTTTTTTTTT.TTTTTTTTTT.TTTTTTTTTT.TTTTTTTTTT.TTTTTTTTTT.TTTTTTTTTT.TTTTTTTTTT.TTTTTTTTTT.TTT.....
..............................................................................................................................................................................................
......TTTTTTTTTT.TTTTTTTTTT.TTTTTTTTTT.TTTTTTTTTT.TTTTTTTTTT.TTTTTTTTTT.TTTTTTTTTT.TTTTTTTTTT.TTTTTTTTTT.TTTTTTTTTT.TTTTTTTTTT.TTTTTTTTTT.TTTTTTTTTT.TTTTTTTTTT.TTTTTTTTTT.TTTTTTTTTT.TTT.....
......TTTTTTTTTT.TTTTTTTTTT.TTTTTTTTTT.TTTTTTTTTT.TTTTTTTTTT.TTTTTTTTTT.TTTTTTTTTT.TTTTTTTTTT.TTTTTTTTTT.TTTTTTTTTT.TTTTTTTTTT.TTTTTTTTTT.TTTTTTTTTT.TTTTTTTTTT.TTTTTTTTTT.TTTTTTTTTT.TTT.....
..............................................................................................................................................................................................
......TTTTTTTTTT.TTTTTTTTTT.TTTTTTTTTT.TTTTTTTTTT.TTTTTTTTTT.TTTTTTTTTT.TTTTTTTTTT.TTTTTTTTTT.TTTTTTTTTT.TTTTTTTTTT.TTTTTTTTTT.TTTTTTTTTT.TTTTTTTTTT.TTTTTTTTTT.TTTTTTTTTT.TTTTTTTTTT.TTT.....
......TTTTTTTTTT.TTTTTTTTTT.TTTTTTTTTT.TTTTTTTTTT.TTTTTTTTTT.TTTTTTTTTT.TTTTTTTTTT.TTTTTTTTTT.TTTTTTTTTT.TTTTTTTTTT.TTTTTTTTTT.TTTTTTTTTT.TTTTTTTTTT.TTTTTTTTTT.TTTTTTTTTT.TTTTTTTTTT.TTT.....
..............................................................................................................................................................................................
......TTTTTTTTTT.TTTTTTTTTT.TTTTTTTTTT.TTTTTTTTTT.TTTTTTTTTT.TTTTTTTTTT.TTTTTTTTTT.TTTTTTTTTT.TTTTTTTTTT.TTTTTTTTTT.TTTTTTTTTT.TTTTTTTTTT.TTTTTTTTTT.TTTTTTTTTT.TTTTTTTTTT.TTTTTTTTTT.TTT.....
......TTTTTTTTTT.TTTTTTTTTT.TTTTTTTTTT.TTTTTTTTTT.TTTTTTTTTT.TTTTTTTTTT.TTTTTTTTTT.TTTTTTTTTT.TTTTTTTTTT.TTTTTTTTTT.TTTTTTTTTT.TTTTTTTTTT.TTTTTTTTTT.TTTTTTTTTT.TTTTTTTTTT.TTTTTTTTTT.TTT.....
..............................................................................................................................................................................................
......TTTTTTTTTT.TTTTTTTTTT.TTTTTTTTTT.TTTTTTTTTT.TTTTTTTTTT.TTTTTTTTTT.TTTTTTTTTT.TTTTTTTTTT.TTTTTTTTTT.TTTTTTTTTT.TTTTTTTTTT.TTTTTTTTTT.TTTTTTTTTT.TTTTTTTTTT.TTTTTTTTTT.TTTTTTTTTT.TTT.....
......TTTTTTTTTT.TTTTTTTTTT.TTTTTTTTTT.TTTTTTTTTT.TTTTTTTTTT.TTTTTTTTTT.TTTTTTTTTT.TTTTTTTTTT.TTTTTTTTTT.TTTTTTTTTT.TTTTTTTTTT.TTTTTTTTTT.TTTTTTTTTT.TTTTTTTTTT.TTTTTTTTTT.TTTTTTTTTT.TTT.....
..............................................................................................................................................................................................
......TTTTTTTTTT.TTTTTTTTTT.TTTTTTTTTT.TTTTTTTTTT.TTTTTTTTTT.TTTTTTTTTT.TTTTTTTTTT.TTTTTTTTTT.TTTTTTTTTT.TTTTTTTTTT.TTTTTTTTTT.TTTTTTTTTT.TTTTTTTTTT.TTTTTTTTTT.TTTTTTTTTT.TTTTTTTTTT.TTT.....
......TTTTTTTTTT.TTTTTTTTTT.TTTTTTTTTT.TTTTTTTTTT.TTTTTTTTTT.TTTTTTTTTT.TTTTTTTTTT.TTTTTTTTTT.TTTTTTTTTT.TTTTTTTTTT.TTTTTTTTTT.TTTTTTTTTT.TTTTTTTTTT.TTTTTTTTTT.TTTTTTTTTT.TTTTTTTTTT.TTT.....
..............................................................................................................................................................................................
......TTTTTTTTTT.TTTTTTTTTT.TTTTTTTTTT.TTTTTTTTTT.TTTTTTTTTT.TTTTTTTTTT.TTTTTTTTTT.TTTTTTTTTT.TTTTTTTTTT.TTTTTTTTTT.TTTTTTTTTT.TTTTTTTTTT.TTTTTTTTTT.TTTTTTTTTT.TTTTTTTTTT.TTTTTTTTTT.TTT.....
......TTTTTTTTTT.TTTTTTTTTT.TTTTTTTTTT.TTTTTTTTTT.TTTTTTTTTT.TTTTTTTTTT.TTTTTTTTTT.TTTTTTTTTT.TTTTTTTTTT.TTTTTTTTTT.TTTTTTTTTT.TTTTTTTTTT.TTTTTTTTTT.TTTTTTTTTT.TTTTTTTTTT.TTTTTTTTTT.TTT.....
..............................................................................................................................................................................................
......TTTTTTTTTT.TTTTTTTTTT.TTTTTTTTTT.TTTTTTTTTT.TTTTTTTTTT.TTTTTTTTTT.TTTTTTTTTT.TTTTTTTTTT.TTTTTTTTTT.TTTTTTTTTT.TTTTTTTTTT.TTTTTTTTTT.TTTTTTTTTT.TTTTTTTTTT.TTTTTTTTTT.TTTTTTTTTT.TTT.....
......TTTTTTTTTT.TTTTTTTTTT.TTTTTTTTTT.TTTTTTTTTT.TTTTTTTTTT.TTTTTTTTTT.TTTTTTTTTT.TTTTTTTTTT.TTTTTTTTTT.TTTTTTTTTT.TTTTTTTTTT.TTTTTTTTTT.TTTTTTTTTT.TTTTTTTTTT.TTTTTTTTTT.TTTTTTTTTT.TTT.....
..............................................................................................................................................................................................
......TTTTTTTTTT.TTTTTTTTTT.TTTTTTTTTT.TTTTTTTTTT.TTTTTTTTTT.TTTTTTTTTT.TTTTTTTTTT.TTTTTTTTTT.TTTTTTTTTT.TTTTTTTTTT.TTTTTTTTTT.TTTTTTTTTT.TTTTTTTTTT.TTTTTTTTTT.TTTTTTTTTT.TTTTTTTTTT.TTT.....
......TTTTTTTTTT.TTTTTTTTTT.TTTTTTTTTT.TTTTTTTTTT.TTTTTTTTTT.TTTTTTTTTT.TTTTTTTTTT.TTTTTTTTTT.TTTTTTTTTT.TTTTTTTTTT.TTTTTTTTTT.TTTTTTTTTT.TTTTTTTTTT.TTTTTTTTTT.TTTTTTTTTT.TTTTTTTTTT.TTT.....
..............................................................................................................................................................................................
......TTTTTTTTTT.TTTTTTTTTT.TTTTTTTTTT.TTTTTTTTTT.TTTTTTTTTT.TTTTTTTTTT.TTTTTTTTTT.TTTTTTTTTT.TTTTTTTTTT.TTTTTTTTTT.TTTTTTTTTT.TTTTTTTTTT.TTTTTTTTTT.TTTTTTTTTT.TTTTTTTTTT.TTTTTTTTTT.TTT.....
......TTTTTTTTTT.TTTTTTTTTT.TTTTTTTTTT.TTTTTTTTTT.TTTTTTTTTT.TTTTTTTTTT.TTTTTTTTTT.TTTTTTTTTT.TTTTTTTTTT.TTTTTTTTTT.TTTTTTTTTT.TTTTTTTTTT.TTTTTTTTTT.TTTTTTTTTT.TTTTTTTTTT.TTTTTTTTTT.TTT.....
..............................................................................................................................................................................................
......TTTTTTTTTT.TTTTTTTTTT.TTTTTTTTTT.TTTTTTTTTT.TTTTTTTTTT.TTTTTTTTTT.TTTTTTTTTT.TTTTTTTTTT.TTTTTTTTTT.TTTTTTTTTT.TTTTTTTTTT.TTTTTTTTTT.TTTTTTTTTT.TTTTTTTTTT.TTTTTTTTTT.TTTTTTTTTT.TTT.....
......TTTTTTTTTT.TTTTTTTTTT.TTTTTTTTTT.TTTTTTTTTT.TTTTTTTTTT.TTTTTTTTTT.TTTTTTTTTT.TTTTTTTTTT.TTTTTTTTTT.TTTTTTTTTT.TTTTTTTTTT.TTTTTTTTTT.TTTTTTTTTT.TTTTTTTTTT.TTTTTTTTTT.TTTTTTTTTT.TTT.....
..............................................................................................................................................................................................
......TTTTTTTTTT.TTTTTTTTTT.TTTTTTTTTT.TTTTTTTTTT.TTTTTTTTTT.TTTTTTTTTT.TTTTTTTTTT.TTTTTTTTTT.TTTTTTTTTT.TTTTTTTTTT.TTTTTTTTTT.TTTTTTTTTT.TTTTTTTTTT.TTTTTTTTTT.TTTTTTTTTT.TTTTTTTTTT.TTT.....
......TTTTTTTTTT.TTTTTTTTTT.TTTTTTTTTT.TTTTTTTTTT.TTTTTTTTTT.TTTTTTTTTT.TTTTTTTTTT.TTTTTTTTTT.TTTTTTTTTT.TTTTTTTTTT.TTTTTTTTTT.TTTTTTTTTT.TTTTTTTTTT.TTTTTTTTTT.TTTTTTTTTT.TTTTTTTTTT.TTT.....
..............................................................................................................................................................................................
......TTTTTTTTTT.TTTTTTTTTT.TTTTTTTTTT.TTTTTTTTTT.TTTTTTTTTT.TTTTTTTTTT.TTTTTTTTTT.TTTTTTTTTT.TTTTTTTTTT.TTTTTTTTTT.TTTTTTTTTT.TTTTTTTTTT.TTTTTTTTTT.TTTTTTTTTT.TTTTTTTTTT.TTTTTTTTTT.TTT.....
......TTTTTTTTTT.TTTTTTTTTT.TTTTTTTTTT.TTTTTTTTTT.TTTTTTTTTT.TTTTTTTTTT.TTTTTTTTTT.TTTTTTTTTT.TTTTTTTTTT.TTTTTTTTTT.TTTTTTTTTT.TTTTTTTTTT.TTTTTTTTTT.TTTTTTTTTT.TTTTTTTTTT.TTTTTTTTTT.TTT.....
..............................................................................................................................................................................................
......TTTTTTTTTT.TTTTTTTTTT.TTTTTTTTTT.TTTTTTTTTT.TTTTTTTTTT.TTTTTTTTTT.TTTTTTTTTT.TTTTTTTTTT.TTTTTTTTTT.TTTTTTTTTT.TTTTTTTTTT.TTTTTTTTTT.TTTTTTTTTT.TTTTTTTTTT.TTTTTTTTTT.TTTTTTTTTT.TTT.....
......TTTTTTTTTT.TTTTTTTTTT.TTTTTTTTTT.TTTTTTTTTT.TTTTTTTTTT.TTTTTTTTTT.TTTTTTTTTT.TTTTTTTTTT.TTTTTTTTTT.TTTTTTTTTT.TTTTTTTTTT.TTTTTTTTTT.TTTTTTTTTT.TTTTTTTTTT.TTTTTTTTTT.TTTTTTTTTT.TTT.....
..............................................................................................................................................................................................
......TTTTTTTTTT.TTTTTTTTTT.TTTTTTTTTT.TTTTTTTTTT.TTTTTTTTTT.TTTTTTTTTT.TTTTTTTTTT.TTTTTTTTTT.TTTTTTTTTT.TTTTTTTTTT.TTTTTTTTTT.TTTTTTTTTT.TTTTTTTTTT.TTTTTTTTTT.TTTTTTTTTT.TTTTTTTTTT.TTT.....
......TTTTTTTTTT.TTTTTTTTTT.TTTTTTTTTT.TTTTTTTTTT.TTTTTTTTTT.TTTTTTTTTT.TTTTTTTTTT.TTTTTTTTTT.TTTTTTTTTT.TTTTTTTTTT.TTTTTTTTTT.TTTTTTTTTT.TTTTTTTTTT.TTTTTTTTTT.TTTTTTTTTT.TTTTTTTTTT.TTT.....
..............................................................................................................................................................................................
......TTTTTTTTTT.TTTTTTTTTT.TTTTTTTTTT.TTTTTTTTTT.TTTTTTTTTT.TTTTTTTTTT.TTTTTTTTTT.TTTTTTTTTT.TTTTTTTTTT.TTTTTTTTTT.TTTTTTTTTT.TTTTTTTTTT.TTTTTTTTTT.TTTTTTTTTT.TTTTTTTTTT.TTTTTTTTTT.TTT.....
......TTTTTTTTTT.TTTTTTTTTT.TTTTTTTTTT.TTTTTTTTTT.TTTTTTTTTT.TTTTTTTTTT.TTTTTTTTTT.TTTTTTTTTT.TTTTTTTTTT.TTTTTTTTTT.TTTTTTTTTT.TTTTTTTTTT.TTTTTTTTTT.TTTTTTTTTT.TTTTTTTTTT.TTTTTTTTTT.TTT.....
..............................................................................................................................................................................................
......TTTTTTTTTT.TTTTTTTTTT.TTTTTTTTTT.TTTTTTTTTT.TTTTTTTTTT.TTTTTTTTTT.TTTTTTTTTT.TTTTTTTTTT.TTTTTTTTTT.TTTTTTTTTT.TTTTTTTTTT.TTTTTTTTTT.TTTTTTTTTT.TTTTTTTTTT.TTTTTTTTTT.TTTTTTTTTT.TTT.....
......TTTTTTTTTT.TTTTTTTTTT.TTTTTTTTTT.TTTTTTTTTT.TTTTTTTTTT.TTTTTTTTTT.TTTTTTTTTT.TTTTTTTTTT.TTTTTTTTTT.TTTTTTTTTT.TTTTTTTTTT.TTTTTTTTTT.TTTTTTTTTT.TTTTTTTTTT.TTTTTTTTTT.TTTTTTTTTT.TTT.....
..............................................................................................................................................................................................
......TTTTTTTTTT.TTTTTTTTTT.TTTTTTTTTT.TTTTTTTTTT.TTTTTTTTTT.TTTTTTTTTT.TTTTTTTTTT.TTTTTTTTTT.TTTTTTTTTT.TTTTTTTTTT.TTTTTTTTTT.TTTTTTTTTT.TTTTTTTTTT.TTTTTTTTTT.TTTTTTTTTT.TTTTTTTTTT.TTT.....
......TTTTTTTTTT.TTTTTTTTTT.TTTTTTTTTT.TTTTTTTTTT.TTTTTTTTTT.TTTTTTTTTT.TTTTTTTTTT.TTTTTTTTTT.TTTTTTTTTT.TTTTTTTTTT.TTTTTTTTTT.TTTTTTTTTT.TTTTTTTTTT.TTTTTTTTTT.TTTTTTTTTT.TTTTTTTTTT.TTT.....
..............................................................................................................................................................................................
......TTTTTTTTTT.TTTTTTTTTT.TTTTTTTTTT.TTTTTTTTTT.TTTTTTTTTT.TTTTTTTTTT.TTTTTTTTTT.TTTTTTTTTT.TTTTTTTTTT.TTTTTTTTTT.TTTTTTTTTT.TTTTTTTTTT.TTTTTTTTTT.TTTTTTTTTT.TTTTTTTTTT.TTTTTTTTTT.TTT.....
......TTTTTTTTTT.TTTTTTTTTT.TTTTTTTTTT.TTTTTTTTTT.TTTTTTTTTT.TTTTTTTTTT.TTTTTTTTTT.TTTTTTTTTT.TTTTTTTTTT.TTTTTTTTTT.TTTTTTTTTT.TTTTTTTTTT.TTTTTTTTTT.TTTTTTTTTT.TTTTTTTTTT.TTTTTTTTTT.TTT.....
..............................................................................................................................................................................................
......TTTTTTTTTT.TTTTTTTTTT.TTTTTTTTTT.TTTTTTTTTT.TTTTTTTTTT.TTTTTTTTTT.TTTTTTTTTT.TTTTTTTTTT.TTTTTTTTTT.TTTTTTTTTT.TTTTTTTTTT.TTTTTTTTTT.TTTTTTTTTT.TTTTTTTTTT.TTTTTTTTTT.TTTTTTTTTT.TTT.....
......TTTTTTTTTT.TTTTTTTTTT.TTTTTTTTTT.TTTTTTTTTT.TTTTTTTTTT.TTTTTTTTTT.TTTTTTTTTT.TTTTTTTTTT.TTTTTTTTTT.TTTTTTTTTT.TTTTTTTTTT.TTTTTTTTTT.TTTTTTTTTT.TTTTTTTTTT.TTTTTTTTTT.TTTTTTTTTT.TTT.....
..............................................................................................................................................................................................
......TTTTTTTTTT.TTTTTTTTTT.TTTTTTTTTT.TTTTTTTTTT.TTTTTTTTTT.TTTTTTTTTT.TTTTTTTTTT.TTTTTTTTTT.TTTTTTTTTT.TTTTTTTTTT.TTTTTTTTTT.TTTTTTTTTT.TTTTTTTTTT.TTTTTTTTTT.TTTTTTTTTT.TTTTTTTTTT.TTT.....
......TTTTTTTTTT.TTTTTTTTTT.TTTTTTTTTT.TTTTTTTTTT.TTTTTTTTTT.TTTTTTTTTT.TTTTTTTTTT.TTTTTTTTTT.TTTTTTTTTT.TTTTTTTTTT.TTTTTTTTTT.TTTTTTTTTT.TTTTTTTTTT.TTTTTTTTTT.TTTTTTTTTT.TTTTTTTTTT.TTT.....
..............................................................................................................................................................................................
......TTTTTTTTTT.TTTTTTTTTT.TTTTTTTTTT.TTTTTTTTTT.TTTTTTTTTT.TTTTTTTTTT.TTTTTTTTTT.TTTTTTTTTT.TTTTTTTTTT.TTTTTTTTTT.TTTTTTTTTT.TTTTTTTTTT.TTTTTTTTTT.TTTTTTTTTT.TTTTTTTTTT.TTTTTTTTTT.TTT.....
......TTTTTTTTTT.TTTTTTTTTT.TTTTTTTTTT.TTTTTTTTTT.TTTTTTTTTT.TTTTTTTTTT.TTTTTTTTTT.TTTTTTTTTT.TTTTTTTTTT.TTTTTTTTTT.TTTTTTTTTT.TTTTTTTTTT.TTTTTTTTTT.TTTTTTTTTT.TTTTTTTTTT.TTTTTTTTTT.TTT.....
..............................................................................................................................................................................................
......TTTTTTTTTT.TTTTTTTTTT.TTTTTTTTTT.TTTTTTTTTT.TTTTTTTTTT.TTTTTTTTTT.TTTTTTTTTT.TTTTTTTTTT.TTTTTTTTTT.TTTTTTTTTT.TTTTTTTTTT.TTTTTTTTTT.TTTTTTTTTT.TTTTTTTTTT.TTTTTTTTTT.TTTTTTTTTT.TTT.....
......TTTTTTTTTT.TTTTTTTTTT.TTTTTTTTTT.TTTTTTTTTT.TTTTTTTTTT.TTTTTTTTTT.TTTTTTTTTT.TTTTTTTTTT.TTTTTTTTTT.TTTTTTTTTT.TTTTTTTTTT.TTTTTTTTTT.TTTTTTTTTT.TTTTTTTTTT.TTTTTTTTTT.TTTTTTTTTT.TTT.....
..............................................................................................................................................................................................
......TTTTTTTTTT.TTTTTTTTTT.TTTTTTTTTT.TTTTTTTTTT.TTTTTTTTTT.TTTTTTTTTT.TTTTTTTTTT.TTTTTTTTTT.TTTTTTTTTT.TTTTTTTTTT.TTTTTTTTTT.TTTTTTTTTT.TTTTTTTTTT.TTTTTTTTTT.TTTTTTTTTT.TTTTTTTTTT.TTT.....
......TTTTTTTTTT.TTTTTTTTTT.TTTTTTTTTT.TTTTTTTTTT.TTTTTTTTTT.TTTTTTTTTT.TTTTTTTTTT.TTTTTTTTTT.TTTTTTTTTT.TTTTTTTTTT.TTTTTTTTTT.TTTTTTTTTT.TTTTTTTTTT.TTTTTTTTTT.TTTTTTTTTT.TTTTTTTTTT.TTT.....
..............................................................................................................................................................................................
......TTTTTTTTTT.TTTTTTTTTT.TTTTTTTTTT.TTTTTTTTTT.TTTTTTTTTT.TTTTTTTTTT.TTTTTTTTTT.TTTTTTTTTT.TTTTTTTTTT.TTTTTTTTTT.TTTTTTTTTT.TTTTTTTTTT.TTTTTTTTTT.TTTTTTTTTT.TTTTTTTTTT.TTTTTTTTTT.TTT.....
......TTTTTTTTTT.TTTTTTTTTT.TTTTTTTTTT.TTTTTTTTTT.TTTTTTTTTT.TTTTTTTTTT.TTTTTTTTTT.TTTTTTTTTT.TTTTTTTTTT.TTTTTTTTTT.TTTTTTTTTT.TTTTTTTTTT.TTTTTTTTTT.TTTTTTTTTT.TTTTTTTTTT.TTTTTTTTTT.TTT.....
..............................................................................................................................................................................................
